------------------------------------------------------------
Timing Analyzer Summary
------------------------------------------------------------

Type  : Slow 1200mV 85C Model Setup 'PC:comb_20|current_adress[2]'
Slack : -156.373
TNS   : -3387.985

Type  : Slow 1200mV 85C Model Setup 'Divisor_Freq:comb_4|clock_out'
Slack : -92.141
TNS   : -19379.713

Type  : Slow 1200mV 85C Model Setup 'Clock'
Slack : -13.773
TNS   : -96.277

Type  : Slow 1200mV 85C Model Hold 'PC:comb_20|current_adress[2]'
Slack : -11.116
TNS   : -584.308

Type  : Slow 1200mV 85C Model Hold 'Divisor_Freq:comb_4|clock_out'
Slack : -1.298
TNS   : -11.338

Type  : Slow 1200mV 85C Model Hold 'Clock'
Slack : 0.403
TNS   : 0.000

Type  : Slow 1200mV 85C Model Minimum Pulse Width 'PC:comb_20|current_adress[2]'
Slack : -5.591
TNS   : -2314.496

Type  : Slow 1200mV 85C Model Minimum Pulse Width 'Clock'
Slack : -3.000
TNS   : -45.528

Type  : Slow 1200mV 85C Model Minimum Pulse Width 'Divisor_Freq:comb_4|clock_out'
Slack : -2.693
TNS   : -1566.784

Type  : Slow 1200mV 0C Model Setup 'PC:comb_20|current_adress[2]'
Slack : -141.397
TNS   : -3087.565

Type  : Slow 1200mV 0C Model Setup 'Divisor_Freq:comb_4|clock_out'
Slack : -83.503
TNS   : -17878.127

Type  : Slow 1200mV 0C Model Setup 'Clock'
Slack : -12.768
TNS   : -86.205

Type  : Slow 1200mV 0C Model Hold 'PC:comb_20|current_adress[2]'
Slack : -10.290
TNS   : -535.643

Type  : Slow 1200mV 0C Model Hold 'Divisor_Freq:comb_4|clock_out'
Slack : -1.132
TNS   : -8.570

Type  : Slow 1200mV 0C Model Hold 'Clock'
Slack : 0.354
TNS   : 0.000

Type  : Slow 1200mV 0C Model Minimum Pulse Width 'PC:comb_20|current_adress[2]'
Slack : -5.239
TNS   : -2071.542

Type  : Slow 1200mV 0C Model Minimum Pulse Width 'Clock'
Slack : -3.000
TNS   : -45.484

Type  : Slow 1200mV 0C Model Minimum Pulse Width 'Divisor_Freq:comb_4|clock_out'
Slack : -2.649
TNS   : -1566.652

Type  : Fast 1200mV 0C Model Setup 'PC:comb_20|current_adress[2]'
Slack : -77.810
TNS   : -1700.019

Type  : Fast 1200mV 0C Model Setup 'Divisor_Freq:comb_4|clock_out'
Slack : -45.332
TNS   : -9156.103

Type  : Fast 1200mV 0C Model Setup 'Clock'
Slack : -6.203
TNS   : -30.285

Type  : Fast 1200mV 0C Model Hold 'PC:comb_20|current_adress[2]'
Slack : -5.499
TNS   : -298.236

Type  : Fast 1200mV 0C Model Hold 'Divisor_Freq:comb_4|clock_out'
Slack : -0.814
TNS   : -14.377

Type  : Fast 1200mV 0C Model Hold 'Clock'
Slack : 0.183
TNS   : 0.000

Type  : Fast 1200mV 0C Model Minimum Pulse Width 'Clock'
Slack : -3.000
TNS   : -37.052

Type  : Fast 1200mV 0C Model Minimum Pulse Width 'PC:comb_20|current_adress[2]'
Slack : -2.909
TNS   : -974.840

Type  : Fast 1200mV 0C Model Minimum Pulse Width 'Divisor_Freq:comb_4|clock_out'
Slack : -1.000
TNS   : -1216.000

------------------------------------------------------------
