------------------------------------------------------------
Timing Analyzer Summary
------------------------------------------------------------

Type  : Slow 1200mV 85C Model Setup 'Divisor_Freq:comb_4|clock_out'
Slack : -11.269
TNS   : -1343.765

Type  : Slow 1200mV 85C Model Setup 'Clock'
Slack : -8.207
TNS   : -422.593

Type  : Slow 1200mV 85C Model Setup 'Display_LCD:comb_43|Msg[0]'
Slack : -7.883
TNS   : -65.369

Type  : Slow 1200mV 85C Model Setup 'PC:comb_20|current_adress[2]'
Slack : -6.214
TNS   : -6.214

Type  : Slow 1200mV 85C Model Hold 'Display_LCD:comb_43|Msg[0]'
Slack : -4.998
TNS   : -36.053

Type  : Slow 1200mV 85C Model Hold 'Divisor_Freq:comb_4|clock_out'
Slack : -3.138
TNS   : -119.560

Type  : Slow 1200mV 85C Model Hold 'Clock'
Slack : -0.920
TNS   : -0.920

Type  : Slow 1200mV 85C Model Hold 'PC:comb_20|current_adress[2]'
Slack : 2.666
TNS   : 0.000

Type  : Slow 1200mV 85C Model Recovery 'Clock'
Slack : -2.700
TNS   : -223.456

Type  : Slow 1200mV 85C Model Removal 'Clock'
Slack : 3.103
TNS   : 0.000

Type  : Slow 1200mV 85C Model Minimum Pulse Width 'Clock'
Slack : -3.000
TNS   : -176.475

Type  : Slow 1200mV 85C Model Minimum Pulse Width 'Divisor_Freq:comb_4|clock_out'
Slack : -1.285
TNS   : -242.865

Type  : Slow 1200mV 85C Model Minimum Pulse Width 'Display_LCD:comb_43|Msg[0]'
Slack : -0.737
TNS   : -33.022

Type  : Slow 1200mV 85C Model Minimum Pulse Width 'PC:comb_20|current_adress[2]'
Slack : 0.115
TNS   : 0.000

Type  : Slow 1200mV 0C Model Setup 'Divisor_Freq:comb_4|clock_out'
Slack : -10.192
TNS   : -1215.455

Type  : Slow 1200mV 0C Model Setup 'Clock'
Slack : -7.421
TNS   : -372.949

Type  : Slow 1200mV 0C Model Setup 'Display_LCD:comb_43|Msg[0]'
Slack : -7.244
TNS   : -60.505

Type  : Slow 1200mV 0C Model Setup 'PC:comb_20|current_adress[2]'
Slack : -5.459
TNS   : -5.459

Type  : Slow 1200mV 0C Model Hold 'Display_LCD:comb_43|Msg[0]'
Slack : -4.457
TNS   : -32.119

Type  : Slow 1200mV 0C Model Hold 'Divisor_Freq:comb_4|clock_out'
Slack : -2.796
TNS   : -99.476

Type  : Slow 1200mV 0C Model Hold 'Clock'
Slack : -0.789
TNS   : -0.789

Type  : Slow 1200mV 0C Model Hold 'PC:comb_20|current_adress[2]'
Slack : 2.381
TNS   : 0.000

Type  : Slow 1200mV 0C Model Recovery 'Clock'
Slack : -2.328
TNS   : -192.402

Type  : Slow 1200mV 0C Model Removal 'Clock'
Slack : 2.769
TNS   : 0.000

Type  : Slow 1200mV 0C Model Minimum Pulse Width 'Clock'
Slack : -3.000
TNS   : -176.475

Type  : Slow 1200mV 0C Model Minimum Pulse Width 'Divisor_Freq:comb_4|clock_out'
Slack : -1.285
TNS   : -242.865

Type  : Slow 1200mV 0C Model Minimum Pulse Width 'Display_LCD:comb_43|Msg[0]'
Slack : -0.878
TNS   : -26.312

Type  : Slow 1200mV 0C Model Minimum Pulse Width 'PC:comb_20|current_adress[2]'
Slack : 0.192
TNS   : 0.000

Type  : Fast 1200mV 0C Model Setup 'Divisor_Freq:comb_4|clock_out'
Slack : -5.128
TNS   : -572.832

Type  : Fast 1200mV 0C Model Setup 'Clock'
Slack : -3.950
TNS   : -158.709

Type  : Fast 1200mV 0C Model Setup 'Display_LCD:comb_43|Msg[0]'
Slack : -3.813
TNS   : -31.319

Type  : Fast 1200mV 0C Model Setup 'PC:comb_20|current_adress[2]'
Slack : -2.933
TNS   : -2.933

Type  : Fast 1200mV 0C Model Hold 'Display_LCD:comb_43|Msg[0]'
Slack : -2.651
TNS   : -19.708

Type  : Fast 1200mV 0C Model Hold 'Divisor_Freq:comb_4|clock_out'
Slack : -1.719
TNS   : -97.245

Type  : Fast 1200mV 0C Model Hold 'Clock'
Slack : -0.617
TNS   : -0.617

Type  : Fast 1200mV 0C Model Hold 'PC:comb_20|current_adress[2]'
Slack : 1.428
TNS   : 0.000

Type  : Fast 1200mV 0C Model Recovery 'Clock'
Slack : -0.990
TNS   : -81.399

Type  : Fast 1200mV 0C Model Removal 'Clock'
Slack : 1.605
TNS   : 0.000

Type  : Fast 1200mV 0C Model Minimum Pulse Width 'Clock'
Slack : -3.000
TNS   : -146.306

Type  : Fast 1200mV 0C Model Minimum Pulse Width 'Divisor_Freq:comb_4|clock_out'
Slack : -1.000
TNS   : -189.000

Type  : Fast 1200mV 0C Model Minimum Pulse Width 'Display_LCD:comb_43|Msg[0]'
Slack : -0.434
TNS   : -8.502

Type  : Fast 1200mV 0C Model Minimum Pulse Width 'PC:comb_20|current_adress[2]'
Slack : 0.259
TNS   : 0.000

------------------------------------------------------------
